// Vitest Snapshot v1, https://vitest.dev/guide/snapshot.html

exports[`Http403Exception > should create an exception with custom message 1`] = `[Error: Custom not authorized message]`;

exports[`Http403Exception > should create an exception with custom message and AxiosError 1`] = `[Error: Custom not authorized message]`;

exports[`Http403Exception > should create an exception with default message 1`] = `[Error: Not Authorized]`;
